// Jest Snapshot v1, https://goo.gl/fbAQLP

exports[`App.vue renders correctly 1`] = `
"<header>
  <nav-bar-stub></nav-bar-stub>
</header>
<router-view-stub name=\\"default\\"></router-view-stub>"
`;
