// Jest Snapshot v1, https://goo.gl/fbAQLP

exports[`HomeView.vue renders correctly 1`] = `
"<main>
  <!---->
</main>"
`;
