// Jest Snapshot v1, https://goo.gl/fbAQLP

exports[`SettingsView.vue renders correctly 1`] = `
"<div class=\\"settings\\">
  <suspense-stub></suspense-stub>
  <!---->
  <!---->
</div>"
`;
